2026-10-03 23:59:58,954 - twister - INFO - Using Ninja..
2026-10-03 23:59:59,634 - twister - INFO - Zephyr version: v4.4.2
2026-10-03 23:59:59,738 - twister - DEBUG - Running cmake script e:\zephyr-projects\zephyr-projects\zephyrproject\deps\zephyr\cmake\verify-toolchain.cmake
2026-10-03 23:59:59,741 - twister - DEBUG - Calling cmake: ['C:\\Users\\RadiusNT\\.zinstaller\\tools\\cmake\\bin\\cmake.EXE', '-DFORMAT=json', '-P', 'e:\\zephyr-projects\\zephyr-projects\\zephyrproject\\deps\\zephyr\\cmake\\verify-toolchain.cmake']
2026-10-04 00:00:01,273 - twister - DEBUG - Finished running e:\zephyr-projects\zephyr-projects\zephyrproject\deps\zephyr\cmake\verify-toolchain.cmake
2026-10-04 00:00:01,273 - twister - INFO - Using 'zephyr/gnu' toolchain variant.
2026-10-04 00:00:03,933 - twister - DEBUG - Reading testsuite configuration files under E:\zephyr-projects\zephyr-projects\zephyr-course\tests\ring_buf...
2026-10-04 00:00:03,934 - twister - DEBUG - Found possible testsuite in E:\zephyr-projects\zephyr-projects\zephyr-course\tests\ring_buf
2026-10-04 00:00:03,940 - twister - DEBUG - No duplicates found.
2026-10-04 00:00:03,940 - twister - DEBUG -  platform filter: ['native_sim/native']
2026-10-04 00:00:03,940 - twister - DEBUG - platform_pattern: []
2026-10-04 00:00:03,940 - twister - DEBUG -    vendor filter: []
2026-10-04 00:00:03,941 - twister - DEBUG -      arch_filter: None
2026-10-04 00:00:03,941 - twister - DEBUG -       tag_filter: None
2026-10-04 00:00:03,941 - twister - DEBUG -      exclude_tag: None
2026-10-04 00:00:03,941 - twister - DEBUG - Checking platform filter: ['native_sim/native']
2026-10-04 00:00:03,941 - twister - INFO - Building initial testsuite list...
2026-10-04 00:00:03,942 - twister - INFO - Built testsuite list in 0.00 seconds
2026-10-04 00:00:03,942 - twister - INFO - Writing JSON report E:\zephyr-projects\zephyr-projects\zephyr-course\twister-out\testplan.json
2026-10-04 00:00:04,130 - twister - INFO - Adding tasks to the queue...
2026-10-04 00:00:04,131 - twister - INFO - Added initial list of jobs to queue
2026-10-04 00:00:04,709 - twister - DEBUG - Launched 4 jobs
2026-10-04 00:00:06,536 - twister - INFO - 1 test scenarios (1 configurations) selected, 1 configurations filtered (1 by static filter, 0 at runtime).
2026-10-04 00:00:06,563 - twister - INFO - [32m0 of 0[39m executed test configurations passed (0.00%), 0 built (not run), 0 failed, 0 errored, with no warnings in 7.85 seconds.
2026-10-04 00:00:06,563 - twister - INFO - 0 of 0 executed test cases passed (0.00%) on 0 out of total 1473 platforms (0.00%).
2026-10-04 00:00:06,564 - twister - INFO - [32m0[39m test configurations executed on platforms, [36m0[39m test configurations were only built.
2026-10-04 00:00:06,564 - twister - INFO - Saving reports...
2026-10-04 00:00:06,564 - twister - INFO - Writing JSON report E:\zephyr-projects\zephyr-projects\zephyr-course\twister-out\twister.json
2026-10-04 00:00:06,570 - twister - INFO - Writing xunit report E:\zephyr-projects\zephyr-projects\zephyr-course\twister-out\twister.xml...
2026-10-04 00:00:06,573 - twister - INFO - Writing xunit report E:\zephyr-projects\zephyr-projects\zephyr-course\twister-out\twister_report.xml...
2026-10-04 00:00:06,577 - twister - INFO - Run completed
